// Jest Snapshot v1, https://goo.gl/fbAQLP

exports[`invalid path should redirect to 404 1`] = `<div />`;

exports[`tree should render for client 1`] = `
<div
  className="pushable"
  computedMatch={
    Object {
      "isExact": true,
      "params": Object {},
      "path": "/",
      "url": "/",
    }
  }
  location={
    Object {
      "hash": "",
      "pathname": "/",
      "search": "",
      "state": undefined,
    }
  }
>
  <div
    className="pusher"
  >
    <div
      className="ui container"
      style={
        Object {
          "padding-top": "15px",
        }
      }
    >
      <a
        className="ui blue basic button right aligned"
        header={true}
        href="/login"
        onClick={[Function]}
        role="button"
        style={
          Object {
            "position": "absolute",
            "right": "10px",
            "top": "5px",
          }
        }
      >
        Login
      </a>
       
      <div />
       
    </div>
  </div>
</div>
`;
