// Jest Snapshot v1, https://goo.gl/fbAQLP

exports[`contact page should match snapshot after query load 1`] = `
<p>
  Loading...
</p>
`;
